// Jest Snapshot v1, https://goo.gl/fbAQLP

exports[`Home component renders correctly 1`] = `"<div class=\\"home-page\\"><div class=\\"cover-container d-flex h-100 p-3 mx-auto flex-column\\"><header class=\\"masthead\\"><div class=\\"container d-flex h-100 align-items-center\\"><div class=\\"mx-auto text-center\\"><h1 class=\\"mx-auto my-0 text-uppercase\\">Stormy</h1><h2 class=\\"text-white-50 mx-auto mt-2 mb-5\\">Demo weather app</h2><div class=\\"search-bar\\"><input type=\\"text\\" placeholder=\\"Type in a location of some sort\\" class=\\"mr-sm-2 form-control\\"/></div><button type=\\"button\\" class=\\"btn btn-primary btn btn-primary\\">Search</button></div></div></header></div></div>"`;
